// Jest Snapshot v1, https://goo.gl/fbAQLP

exports[`Coinmarket Transaction Ripple Actions signTransaction, ripple account, normal 1`] = `
Object {
  "signedTx": Object {
    "coin": "xrp",
    "tx": undefined,
  },
  "transactionInfo": Object {
    "bytes": 413,
    "fee": "413",
    "feePerByte": "1",
    "max": "0.03701607",
    "totalSpent": "3702020",
    "transaction": Object {
      "inputs": Array [
        Object {
          "address_n": Array [
            2147483697,
            2147483650,
            2147483648,
            1,
            3,
          ],
          "amount": "638921",
          "prev_hash": "5fe2a557a64d3f724f6c68bd762172eb8af4d92b6d9fdb8a0cd8e39b3e560605",
          "prev_index": 0,
          "script_type": "SPENDP2SHWITNESS",
          "sequence": 4294967295,
        },
        Object {
          "address_n": Array [
            2147483697,
            2147483650,
            2147483648,
            1,
            4,
          ],
          "amount": "1014197",
          "prev_hash": "6e769b5441b75380892ed7cb4b9f67457aba41e9b5a20c78325a06bdf50e4f10",
          "prev_index": 0,
          "script_type": "SPENDP2SHWITNESS",
          "sequence": 4294967295,
        },
        Object {
          "address_n": Array [
            2147483697,
            2147483650,
            2147483648,
            1,
            5,
          ],
          "amount": "1612302",
          "prev_hash": "7973b55a435802183b0ef4371173de0eacb0d11e58f59a1d62587d485272af3c",
          "prev_index": 0,
          "script_type": "SPENDP2SHWITNESS",
          "sequence": 4294967295,
        },
        Object {
          "address_n": Array [
            2147483697,
            2147483650,
            2147483648,
            1,
            6,
          ],
          "amount": "436600",
          "prev_hash": "8d47dc28cfd874e25c0c129be7bc47106c35bb9f46e600888abe825e72e5ab02",
          "prev_index": 0,
          "script_type": "SPENDP2SHWITNESS",
          "sequence": 4294967295,
        },
      ],
      "outputs": Array [
        Object {
          "address": "bc1q5y487p64hfsjc5gdfeezv29zwcddz5kahve0kp",
          "amount": "3701607",
          "script_type": "PAYTOADDRESS",
        },
      ],
    },
    "type": "final",
  },
}
`;
